exports[`test renders a snapshot 1`] = `
<div>
  <nav
    className="navbar">
    <a
      className="logo"
      href="/"
      onClick={[Function]}>
      <img
        alt="bloc jams logo"
        src="bloc_jams_logo.png" />
    </a>
    <div
      className="links-container">
      <a
        className="navbar-link"
        href="/collection"
        onClick={[Function]}>
        collection
      </a>
    </div>
  </nav>
</div>
`;
